// Jest Snapshot v1, https://goo.gl/fbAQLP

exports[`StaticRenderer should render 1`] = `
<div>
  <div
    className="css-1v0k9g2"
    style={
      Object {
        "gridTemplateColumns": "repeat(1, 1fr)",
      }
    }
  >
    <div>
      Price: $20.00
    </div>
  </div>
</div>
`;
